###############################################################################
#                                                                             #
# IAR ELF Linker V6.30.1.53127/W32 for ARM              27/Aug/2018  09:49:57 #
# Copyright 2007-2011 IAR Systems AB.                                         #
#                                                                             #
#    Output file  =  D:\projects\задания от работодателя\ЭМИС\EWARM\mb_v1.0\E #
#                    xe\mb_v1.0.out                                           #
#    Map file     =  D:\projects\задания от работодателя\ЭМИС\EWARM\mb_v1.0/L #
#                    ist\mb_v1.0.map                                          #
#    Command line =  "D:\projects\задания от работодателя\ЭМИС\EWARM\mb_v1.0\ #
#                    Obj\UserModbusSlaver.o" "D:\projects\задания от          #
#                    работодателя\ЭМИС\EWARM\mb_v1.0\Obj\adc.o"               #
#                    "D:\projects\задания от работодателя\ЭМИС\EWARM\mb_v1.0\ #
#                    Obj\cmsis_os.o" "D:\projects\задания от                  #
#                    работодателя\ЭМИС\EWARM\mb_v1.0\Obj\croutine.o"          #
#                    "D:\projects\задания от работодателя\ЭМИС\EWARM\mb_v1.0\ #
#                    Obj\event_groups.o" "D:\projects\задания от              #
#                    работодателя\ЭМИС\EWARM\mb_v1.0\Obj\flash.o"             #
#                    "D:\projects\задания от работодателя\ЭМИС\EWARM\mb_v1.0\ #
#                    Obj\freertos.o" "D:\projects\задания от                  #
#                    работодателя\ЭМИС\EWARM\mb_v1.0\Obj\gpio.o"              #
#                    "D:\projects\задания от работодателя\ЭМИС\EWARM\mb_v1.0\ #
#                    Obj\list.o" "D:\projects\задания от                      #
#                    работодателя\ЭМИС\EWARM\mb_v1.0\Obj\main.o"              #
#                    "D:\projects\задания от работодателя\ЭМИС\EWARM\mb_v1.0\ #
#                    Obj\mb.o" "D:\projects\задания от                        #
#                    работодателя\ЭМИС\EWARM\mb_v1.0\Obj\mbcrc.o"             #
#                    "D:\projects\задания от работодателя\ЭМИС\EWARM\mb_v1.0\ #
#                    Obj\mbfunccoils.o" "D:\projects\задания от               #
#                    работодателя\ЭМИС\EWARM\mb_v1.0\Obj\mbfuncdisc.o"        #
#                    "D:\projects\задания от работодателя\ЭМИС\EWARM\mb_v1.0\ #
#                    Obj\mbfuncholding.o" "D:\projects\задания от             #
#                    работодателя\ЭМИС\EWARM\mb_v1.0\Obj\mbfuncinput.o"       #
#                    "D:\projects\задания от работодателя\ЭМИС\EWARM\mb_v1.0\ #
#                    Obj\mbfuncother.o" "D:\projects\задания от               #
#                    работодателя\ЭМИС\EWARM\mb_v1.0\Obj\mbrtu.o"             #
#                    "D:\projects\задания от работодателя\ЭМИС\EWARM\mb_v1.0\ #
#                    Obj\mbutils.o" "D:\projects\задания от                   #
#                    работодателя\ЭМИС\EWARM\mb_v1.0\Obj\port.o"              #
#                    "D:\projects\задания от работодателя\ЭМИС\EWARM\mb_v1.0\ #
#                    Obj\portasm.o" "D:\projects\задания от                   #
#                    работодателя\ЭМИС\EWARM\mb_v1.0\Obj\portevent.o"         #
#                    "D:\projects\задания от работодателя\ЭМИС\EWARM\mb_v1.0\ #
#                    Obj\queue.o" "D:\projects\задания от                     #
#                    работодателя\ЭМИС\EWARM\mb_v1.0\Obj\startup_stm32f103xb. #
#                    o" "D:\projects\задания от работодателя\ЭМИС\EWARM\mb_v1 #
#                    .0\Obj\stm32f1xx_hal.o" "D:\projects\задания от          #
#                    работодателя\ЭМИС\EWARM\mb_v1.0\Obj\stm32f1xx_hal_cortex #
#                    .o" "D:\projects\задания от                              #
#                    работодателя\ЭМИС\EWARM\mb_v1.0\Obj\stm32f1xx_hal_dma.o" #
#                     "D:\projects\задания от работодателя\ЭМИС\EWARM\mb_v1.0 #
#                    \Obj\stm32f1xx_hal_flash.o" "D:\projects\задания от      #
#                    работодателя\ЭМИС\EWARM\mb_v1.0\Obj\stm32f1xx_hal_flash_ #
#                    ex.o" "D:\projects\задания от                            #
#                    работодателя\ЭМИС\EWARM\mb_v1.0\Obj\stm32f1xx_hal_gpio.o #
#                    " "D:\projects\задания от работодателя\ЭМИС\EWARM\mb_v1. #
#                    0\Obj\stm32f1xx_hal_gpio_ex.o" "D:\projects\задания от   #
#                    работодателя\ЭМИС\EWARM\mb_v1.0\Obj\stm32f1xx_hal_msp.o" #
#                     "D:\projects\задания от работодателя\ЭМИС\EWARM\mb_v1.0 #
#                    \Obj\stm32f1xx_hal_pwr.o" "D:\projects\задания от        #
#                    работодателя\ЭМИС\EWARM\mb_v1.0\Obj\stm32f1xx_hal_rcc.o" #
#                     "D:\projects\задания от работодателя\ЭМИС\EWARM\mb_v1.0 #
#                    \Obj\stm32f1xx_hal_rcc_ex.o" "D:\projects\задания от     #
#                    работодателя\ЭМИС\EWARM\mb_v1.0\Obj\stm32f1xx_hal_tim.o" #
#                     "D:\projects\задания от работодателя\ЭМИС\EWARM\mb_v1.0 #
#                    \Obj\stm32f1xx_hal_tim_ex.o" "D:\projects\задания от     #
#                    работодателя\ЭМИС\EWARM\mb_v1.0\Obj\stm32f1xx_hal_timeba #
#                    se_TIM.o" "D:\projects\задания от                        #
#                    работодателя\ЭМИС\EWARM\mb_v1.0\Obj\stm32f1xx_it.o"      #
#                    "D:\projects\задания от работодателя\ЭМИС\EWARM\mb_v1.0\ #
#                    Obj\stm32f1xx_ll_adc.o" "D:\projects\задания от          #
#                    работодателя\ЭМИС\EWARM\mb_v1.0\Obj\stm32f1xx_ll_dma.o"  #
#                    "D:\projects\задания от работодателя\ЭМИС\EWARM\mb_v1.0\ #
#                    Obj\stm32f1xx_ll_exti.o" "D:\projects\задания от         #
#                    работодателя\ЭМИС\EWARM\mb_v1.0\Obj\stm32f1xx_ll_gpio.o" #
#                     "D:\projects\задания от работодателя\ЭМИС\EWARM\mb_v1.0 #
#                    \Obj\stm32f1xx_ll_rcc.o" "D:\projects\задания от         #
#                    работодателя\ЭМИС\EWARM\mb_v1.0\Obj\stm32f1xx_ll_tim.o"  #
#                    "D:\projects\задания от работодателя\ЭМИС\EWARM\mb_v1.0\ #
#                    Obj\stm32f1xx_ll_usart.o" "D:\projects\задания от        #
#                    работодателя\ЭМИС\EWARM\mb_v1.0\Obj\stm32f1xx_ll_utils.o #
#                    " "D:\projects\задания от работодателя\ЭМИС\EWARM\mb_v1. #
#                    0\Obj\system_stm32f1xx.o" "D:\projects\задания от        #
#                    работодателя\ЭМИС\EWARM\mb_v1.0\Obj\tasks.o"             #
#                    "D:\projects\задания от работодателя\ЭМИС\EWARM\mb_v1.0\ #
#                    Obj\tim.o" "D:\projects\задания от                       #
#                    работодателя\ЭМИС\EWARM\mb_v1.0\Obj\timers.o"            #
#                    "D:\projects\задания от работодателя\ЭМИС\EWARM\mb_v1.0\ #
#                    Obj\usart.o" --redirect _Printf=_PrintfFull --redirect   #
#                    _Scanf=_ScanfFull -o "D:\projects\задания от             #
#                    работодателя\ЭМИС\EWARM\mb_v1.0\Exe\mb_v1.0.out" --map   #
#                    "D:\projects\задания от работодателя\ЭМИС\EWARM\mb_v1.0/ #
#                    List\mb_v1.0.map" --config "D:\projects\задания от       #
#                    работодателя\ЭМИС\EWARM/stm32f103xb_flash.icf"           #
#                    --semihosting --entry __iar_program_start --vfe          #
#                                                                             #
#                                                                             #
###############################################################################

*******************************************************************************
*** RUNTIME MODEL ATTRIBUTES
***

CppFlavor       = *
__SystemLibrary = DLib


*******************************************************************************
*** PLACEMENT SUMMARY
***

"A1":  place at 0x08000000 { ro section .intvec };
"P1":  place in [from 0x08000000 to 0x0801ffff] { ro };
"P2":  place in [from 0x20000000 to 0x20004fff] { rw, block CSTACK, block HEAP };

  Section            Kind        Address    Size  Object
  -------            ----        -------    ----  ------
"A1":                                       0xec
  .intvec            ro code  0x08000000    0xec  startup_stm32f103xb.o [1]
                            - 0x080000ec    0xec

"P1":                                     0x4818
  .text              ro code  0x080000ec   0x990  tasks.o [1]
  .text              ro code  0x08000a7c    0x98  list.o [1]
  .text              ro code  0x08000b14   0x1fc  port.o [1]
  .text              ro code  0x08000d10   0x17c  freertos.o [1]
  CODE               ro code  0x08000e8c    0x88  portasm.o [1]
  .text              ro code  0x08000f14    0x6e  cmsis_os.o [1]
  .text              ro code  0x08000f82    0x2e  copy_init3.o [5]
  .text              ro code  0x08000fb0    0x76  ABImemcpy.o [5]
  .text              ro code  0x08001026    0x22  zero_init3.o [5]
  .text              ro code  0x08001048   0x20c  mb.o [1]
  .text              ro code  0x08001254   0x6b8  queue.o [1]
  .text              ro code  0x0800190c    0xe4  flash.o [1]
  .text              ro code  0x080019f0   0x24c  mbrtu.o [1]
  .text              ro code  0x08001c3c    0x40  portevent.o [1]
  .text              ro code  0x08001c7c     0xe  queue.o [1]
  .text              ro code  0x08001c8c     0x6  ABImemclr4.o [5]
  .text              ro code  0x08001c94   0x1cc  stm32f1xx_hal_flash.o [1]
  .text              ro code  0x08001e60   0x584  stm32f1xx_hal_flash_ex.o [1]
  .text              ro code  0x080023e4   0x250  tim.o [1]
  .text              ro code  0x08002634   0x204  usart.o [1]
  .text              ro code  0x08002838    0x3c  mbcrc.o [1]
  .text              ro code  0x08002874    0x32  ABImemset48.o [5]
  .text              ro code  0x080028a8    0x1e  U64Shr.o [5]
  .text              ro code  0x080028c8    0x44  stm32f1xx_hal.o [1]
  .text              ro code  0x0800290c    0xa8  stm32f1xx_ll_tim.o [1]
  .text              ro code  0x080029b4   0x13c  stm32f1xx_ll_gpio.o [1]
  .text              ro code  0x08002af0   0x134  stm32f1xx_ll_usart.o [1]
  .text              ro code  0x08002c24    0xe8  stm32f1xx_hal_cortex.o [1]
  .text              ro code  0x08002d0c    0x90  stm32f1xx_hal_timebase_TIM.o [1]
  .text              ro code  0x08002d9c    0xa8  stm32f1xx_hal_msp.o [1]
  .text              ro code  0x08002e44   0x124  stm32f1xx_ll_rcc.o [1]
  .text              ro code  0x08002f68    0x68  stm32f1xx_hal_rcc.o [1]
  .text              ro code  0x08002fd0   0x250  stm32f1xx_hal_tim.o [1]
  .text              ro code  0x08003220   0x28a  main.o [1]
  .text              ro code  0x080034ac     0x6  stm32f1xx_hal_tim_ex.o [1]
  .text              ro code  0x080034b4    0x68  gpio.o [1]
  .text              ro code  0x0800351c   0x200  adc.o [1]
  .text              ro code  0x0800371c    0x3c  stm32f1xx_ll_utils.o [1]
  .text              ro code  0x08003758    0xf8  stm32f1xx_ll_adc.o [1]
  .text              ro code  0x08003850   0x368  UserModbusSlaver.o [1]
  .text              ro code  0x08003bb8    0x14  cmsis_os.o [1]
  .text              ro code  0x08003bcc    0x98  mbutils.o [1]
  .text              ro code  0x08003c64    0x66  ABImemset.o [5]
  .text              ro code  0x08003cca   0x1da  mbfuncholding.o [1]
  .text              ro code  0x08003ea4   0x1a2  DblMul.o [4]
  .text              ro code  0x08004048   0x128  stm32f1xx_it.o [1]
  .text              ro code  0x08004170    0x1c  I32ToDbl.o [4]
  .text              ro code  0x0800418c    0x90  DblToFlt.o [4]
  .text              ro code  0x0800421c     0xa  stm32f1xx_hal_gpio.o [1]
  .rodata            const    0x08004228   0x100  mbcrc.o [1]
  .rodata            const    0x08004328   0x100  mbcrc.o [1]
  .text              ro code  0x08004428    0x8e  mbfunccoils.o [1]
  .text              ro code  0x080044b6    0x8c  mbfuncdisc.o [1]
  .text              ro code  0x08004542    0x78  mbfuncinput.o [1]
  .text              ro code  0x080045bc    0x68  system_stm32f1xx.o [1]
  .rodata            const    0x08004624    0x34  main.o [1]
  .text              ro code  0x08004658    0x2c  data_init3.o [5]
  .text              ro code  0x08004684    0x24  mbfuncother.o [1]
  .iar.init_table    const    0x080046a8    0x24  - Linker created -
  .rodata            const    0x080046cc    0x1c  flash.o [1]
  .rodata            const    0x080046e8    0x1c  freertos.o [1]
  .rodata            const    0x08004704    0x1c  freertos.o [1]
  .text              ro code  0x08004720    0x16  cmain.o [5]
  .text              ro code  0x08004736     0x4  low_level_init.o [3]
  .text              ro code  0x0800473a     0x4  exit.o [3]
  .text              ro code  0x08004740     0xa  cexit.o [5]
  .text              ro code  0x0800474c    0x14  exit.o [6]
  .rodata            const    0x08004760    0x10  freertos.o [1]
  .rodata            const    0x08004770    0x10  system_stm32f1xx.o [1]
  .text              ro code  0x08004780    0x10  startup_stm32f103xb.o [1]
  .rodata            const    0x08004790     0xc  freertos.o [1]
  .text              ro code  0x0800479c     0xc  cstartup_M.o [5]
  .rodata            const    0x080047a8     0x8  freertos.o [1]
  .rodata            const    0x080047b0     0x8  freertos.o [1]
  .rodata            const    0x080047b8     0x8  freertos.o [1]
  .rodata            const    0x080047c0     0x8  system_stm32f1xx.o [1]
  .rodata            const    0x080047c8     0x8  tasks.o [1]
  .rodata            const    0x080047d0     0x4  port.o [1]
  .text              ro code  0x080047d4     0x4  startup_stm32f103xb.o [1]
  .text              ro code  0x080047d8     0x4  startup_stm32f103xb.o [1]
  .text              ro code  0x080047dc     0x4  startup_stm32f103xb.o [1]
  .text              ro code  0x080047e0     0x4  startup_stm32f103xb.o [1]
  .text              ro code  0x080047e4     0x4  startup_stm32f103xb.o [1]
  .text              ro code  0x080047e8     0x4  startup_stm32f103xb.o [1]
  .text              ro code  0x080047ec     0x4  startup_stm32f103xb.o [1]
  .text              ro code  0x080047f0     0x4  startup_stm32f103xb.o [1]
  .text              ro code  0x080047f4     0x4  startup_stm32f103xb.o [1]
  .text              ro code  0x080047f8     0x4  startup_stm32f103xb.o [1]
  .text              ro code  0x080047fc     0x4  startup_stm32f103xb.o [1]
  .text              ro code  0x08004800     0x4  startup_stm32f103xb.o [1]
  .text              ro code  0x08004804     0x4  startup_stm32f103xb.o [1]
  .text              ro code  0x08004808     0x4  startup_stm32f103xb.o [1]
  .text              ro code  0x0800480c     0x4  startup_stm32f103xb.o [1]
  .text              ro code  0x08004810     0x4  startup_stm32f103xb.o [1]
  .text              ro code  0x08004814     0x4  startup_stm32f103xb.o [1]
  .text              ro code  0x08004818     0x4  startup_stm32f103xb.o [1]
  .text              ro code  0x0800481c     0x4  startup_stm32f103xb.o [1]
  .text              ro code  0x08004820     0x4  startup_stm32f103xb.o [1]
  .text              ro code  0x08004824     0x4  startup_stm32f103xb.o [1]
  .text              ro code  0x08004828     0x4  startup_stm32f103xb.o [1]
  .text              ro code  0x0800482c     0x4  startup_stm32f103xb.o [1]
  .text              ro code  0x08004830     0x4  startup_stm32f103xb.o [1]
  .text              ro code  0x08004834     0x4  startup_stm32f103xb.o [1]
  .text              ro code  0x08004838     0x4  startup_stm32f103xb.o [1]
  .text              ro code  0x0800483c     0x4  startup_stm32f103xb.o [1]
  .text              ro code  0x08004840     0x4  startup_stm32f103xb.o [1]
  .text              ro code  0x08004844     0x4  startup_stm32f103xb.o [1]
  .text              ro code  0x08004848     0x4  startup_stm32f103xb.o [1]
  .text              ro code  0x0800484c     0x4  startup_stm32f103xb.o [1]
  .text              ro code  0x08004850     0x4  startup_stm32f103xb.o [1]
  .text              ro code  0x08004854     0x4  startup_stm32f103xb.o [1]
  .text              ro code  0x08004858     0x4  startup_stm32f103xb.o [1]
  .text              ro code  0x0800485c     0x4  startup_stm32f103xb.o [1]
  .text              ro code  0x08004860     0x4  startup_stm32f103xb.o [1]
  .text              ro code  0x08004864     0x4  startup_stm32f103xb.o [1]
  .text              ro code  0x08004868     0x4  startup_stm32f103xb.o [1]
  .text              ro code  0x0800486c     0x4  startup_stm32f103xb.o [1]
  .rodata            const    0x08004870     0x0  bwt_init3c.o [5]
  Initializer bytes  ro data  0x08004870    0x94  <for P2 s0>
                            - 0x08004904  0x4818

"P2", part 1 of 3:                          0x94
  P2 s0                       0x20000000    0x94  <Init block>
    .data            inited   0x20000000    0x80  mb.o [1]
    .data            inited   0x20000080     0x4  port.o [1]
    .data            inited   0x20000084     0x4  system_stm32f1xx.o [1]
    .data            inited   0x20000088     0x2  UserModbusSlaver.o [1]
    .data            inited   0x2000008a     0x2  UserModbusSlaver.o [1]
    .data            inited   0x2000008c     0x2  UserModbusSlaver.o [1]
    .data            inited   0x2000008e     0x2  UserModbusSlaver.o [1]
    .data            inited   0x20000090     0x1  mb.o [1]
    .data            inited   0x20000091     0x1  stm32f1xx_hal.o [1]
                            - 0x20000094    0x94

"P2", part 2 of 3:                        0x166c
  .bss               zero     0x20000094   0x800  freertos.o [1]
  .bss               zero     0x20000894   0x400  freertos.o [1]
  .bss               zero     0x20000c94   0x400  freertos.o [1]
  .bss               zero     0x20001094   0x100  mbrtu.o [1]
  .bss               zero     0x20001194    0xc8  UserModbusSlaver.o [1]
  .bss               zero     0x2000125c    0xc8  UserModbusSlaver.o [1]
  .bss               zero     0x20001324    0x8c  tasks.o [1]
  .bss               zero     0x200013b0    0x54  freertos.o [1]
  .bss               zero     0x20001404    0x54  freertos.o [1]
  .bss               zero     0x20001458    0x54  freertos.o [1]
  .bss               zero     0x200014ac    0x48  freertos.o [1]
  .bss               zero     0x200014f4    0x48  freertos.o [1]
  .bss               zero     0x2000153c    0x48  freertos.o [1]
  .bss               zero     0x20001584    0x40  stm32f1xx_hal_timebase_TIM.o [1]
  .bss               zero     0x200015c4    0x20  mbfuncother.o [1]
  .bss               zero     0x200015e8    0x20  stm32f1xx_hal_flash.o [1]
  .bss               zero     0x20001608    0x14  tasks.o [1]
  .bss               zero     0x2000161c    0x14  tasks.o [1]
  .bss               zero     0x20001630    0x14  tasks.o [1]
  .bss               zero     0x20001644    0x14  tasks.o [1]
  .bss               zero     0x20001658     0xc  freertos.o [1]
  .bss               zero     0x20001664     0x8  UserModbusSlaver.o [1]
  .bss               zero     0x2000166c     0x4  UserModbusSlaver.o [1]
  .bss               zero     0x20001670     0x4  freertos.o [1]
  .bss               zero     0x20001674     0x4  freertos.o [1]
  .bss               zero     0x20001678     0x4  freertos.o [1]
  .bss               zero     0x2000167c     0x4  freertos.o [1]
  .bss               zero     0x20001680     0x4  freertos.o [1]
  .bss               zero     0x20001684     0x4  mb.o [1]
  .bss               zero     0x20001688     0x4  mb.o [1]
  .bss               zero     0x2000168c     0x4  mb.o [1]
  .bss               zero     0x20001690     0x4  mb.o [1]
  .bss               zero     0x20001694     0x4  mb.o [1]
  .bss               zero     0x20001698     0x4  mb.o [1]
  .bss               zero     0x2000169c     0x4  mb.o [1]
  .bss               zero     0x200016a0     0x4  mb.o [1]
  .bss               zero     0x200016a4     0x4  mb.o [1]
  .bss               zero     0x200016a8     0x4  mbrtu.o [1]
  .bss               zero     0x200016ac     0x4  port.o [1]
  .bss               zero     0x200016b0     0x4  stm32f1xx_hal.o [1]
  .bss               zero     0x200016b4     0x4  tasks.o [1]
  .bss               zero     0x200016b8     0x4  tasks.o [1]
  .bss               zero     0x200016bc     0x4  tasks.o [1]
  .bss               zero     0x200016c0     0x4  tasks.o [1]
  .bss               zero     0x200016c4     0x4  tasks.o [1]
  .bss               zero     0x200016c8     0x4  tasks.o [1]
  .bss               zero     0x200016cc     0x4  tasks.o [1]
  .bss               zero     0x200016d0     0x4  tasks.o [1]
  .bss               zero     0x200016d4     0x4  tasks.o [1]
  .bss               zero     0x200016d8     0x4  tasks.o [1]
  .bss               zero     0x200016dc     0x4  tasks.o [1]
  .bss               zero     0x200016e0     0x4  tasks.o [1]
  .bss               zero     0x200016e4     0x4  tasks.o [1]
  .bss               zero     0x200016e8     0x4  tasks.o [1]
  .bss               zero     0x200016ec     0x2  UserModbusSlaver.o [1]
  .bss               zero     0x200016ee     0x2  mb.o [1]
  .bss               zero     0x200016f0     0x2  mbfuncother.o [1]
  .bss               zero     0x200016f2     0x2  mbrtu.o [1]
  .bss               zero     0x200016f4     0x2  mbrtu.o [1]
  .bss               zero     0x200016f6     0x1  mb.o [1]
  .bss               zero     0x200016f7     0x1  mb.o [1]
  .bss               zero     0x200016f8     0x1  mb.o [1]
  .bss               zero     0x200016f9     0x1  mb.o [1]
  .bss               zero     0x200016fa     0x1  mb.o [1]
  .bss               zero     0x200016fb     0x1  mbrtu.o [1]
  .bss               zero     0x200016fc     0x1  mbrtu.o [1]
  .bss               zero     0x200016fd     0x1  port.o [1]
  .bss               zero     0x200016fe     0x1  portevent.o [1]
  .bss               zero     0x200016ff     0x1  portevent.o [1]
                            - 0x20001700  0x166c

"P2", part 3 of 3:                         0x400
  CSTACK                      0x20001700   0x400  <Block>
    CSTACK           uninit   0x20001700   0x400  <Block tail>
                            - 0x20001b00   0x400


*******************************************************************************
*** INIT TABLE
***

          Address     Size
          -------     ----
Zero (__iar_zero_init3)
    1 destination range, total size 0x166c:
          0x20000094  0x166c

Copy (__iar_copy_init3)
    1 source range, total size 0x94 (101% of destination):
          0x08004870    0x94
    1 destination range, total size 0x92:
          0x20000000    0x92



*******************************************************************************
*** MODULE SUMMARY
***

    Module                        ro code  ro data  rw data
    ------                        -------  -------  -------
D:\projects\задания от работодателя\ЭМИС\EWARM\mb_v1.0\Obj: [1]
    UserModbusSlaver.o                872        8      422
    adc.o                             512
    cmsis_os.o                        130
    flash.o                           228       28
    freertos.o                        380      108    4 596
    gpio.o                            104
    list.o                            152
    main.o                            650       52
    mb.o                              524      129      172
    mbcrc.o                            60      512
    mbfunccoils.o                     142
    mbfuncdisc.o                      140
    mbfuncholding.o                   474
    mbfuncinput.o                     120
    mbfuncother.o                      36                34
    mbrtu.o                           588               266
    mbutils.o                         152
    port.o                            508        8        9
    portasm.o                         136
    portevent.o                        64                 2
    queue.o                         1 734
    startup_stm32f103xb.o             408
    stm32f1xx_hal.o                    68        1        5
    stm32f1xx_hal_cortex.o            232
    stm32f1xx_hal_flash.o             460                32
    stm32f1xx_hal_flash_ex.o        1 412
    stm32f1xx_hal_gpio.o               10
    stm32f1xx_hal_msp.o               168
    stm32f1xx_hal_rcc.o               104
    stm32f1xx_hal_tim.o               592
    stm32f1xx_hal_tim_ex.o              6
    stm32f1xx_hal_timebase_TIM.o      144                64
    stm32f1xx_it.o                    296
    stm32f1xx_ll_adc.o                248
    stm32f1xx_ll_gpio.o               316
    stm32f1xx_ll_rcc.o                292
    stm32f1xx_ll_tim.o                168
    stm32f1xx_ll_usart.o              308
    stm32f1xx_ll_utils.o               60
    system_stm32f1xx.o                104       28        4
    tasks.o                         2 448        8      276
    tim.o                             592
    usart.o                           516
    -------------------------------------------------------
    Total:                         16 658      882    5 882

command line: [2]
    -------------------------------------------------------
    Total:

dl7M_tlf.a: [3]
    exit.o                              4
    low_level_init.o                    4
    -------------------------------------------------------
    Total:                              8

m7M_tl.a: [4]
    DblMul.o                          418
    DblToFlt.o                        144
    I32ToDbl.o                         28
    -------------------------------------------------------
    Total:                            590

rt7M_tl.a: [5]
    ABImemclr4.o                        6
    ABImemcpy.o                       118
    ABImemset.o                       102
    ABImemset48.o                      50
    U64Shr.o                           30
    bwt_init3c.o
    cexit.o                            10
    cmain.o                            22
    copy_init3.o                       46
    cstartup_M.o                       12
    data_init3.o                       44
    zero_init3.o                       34
    -------------------------------------------------------
    Total:                            474

shb_l.a: [6]
    exit.o                             20
    -------------------------------------------------------
    Total:                             20

    Gaps                               20        2        6
    Linker created                              38    1 024
-----------------------------------------------------------
    Grand Total:                   17 770      922    6 912


*******************************************************************************
*** ENTRY LIST
***

Entry                      Address   Size  Type      Object
-----                      -------   ----  ----      ------
?main                   0x08004721         Code  Gb  cmain.o [5]
ADC1_2_IRQHandler       0x08004093   0x28  Code  Gb  stm32f1xx_it.o [1]
ADC_Calibrate           0x080036f9   0x24  Code  Gb  adc.o [1]
AHBPrescTable           0x08004770   0x10  Data  Gb  system_stm32f1xx.o [1]
APBPrescTable           0x080047c0    0x8  Data  Gb  system_stm32f1xx.o [1]
BusFault_Handler        0x08004085    0x2  Code  Gb  stm32f1xx_it.o [1]
CAN1_RX1_IRQHandler     0x08004825         Code  Wk  startup_stm32f103xb.o [1]
CAN1_SCE_IRQHandler     0x08004829         Code  Wk  startup_stm32f103xb.o [1]
CSTACK$$Base            0x20001700          --   Gb  - Linker created -
CSTACK$$Limit           0x20001b00          --   Gb  - Linker created -
DMA1_Channel1_IRQHandler
                        0x08004801         Code  Wk  startup_stm32f103xb.o [1]
DMA1_Channel2_IRQHandler
                        0x08004805         Code  Wk  startup_stm32f103xb.o [1]
DMA1_Channel3_IRQHandler
                        0x08004809         Code  Wk  startup_stm32f103xb.o [1]
DMA1_Channel4_IRQHandler
                        0x0800480d         Code  Wk  startup_stm32f103xb.o [1]
DMA1_Channel5_IRQHandler
                        0x08004811         Code  Wk  startup_stm32f103xb.o [1]
DMA1_Channel6_IRQHandler
                        0x08004815         Code  Wk  startup_stm32f103xb.o [1]
DMA1_Channel7_IRQHandler
                        0x08004819         Code  Wk  startup_stm32f103xb.o [1]
DebugMon_Handler        0x08004089    0x2  Code  Gb  stm32f1xx_it.o [1]
EXTI0_IRQHandler        0x080047ed         Code  Wk  startup_stm32f103xb.o [1]
EXTI15_10_IRQHandler    0x08004865         Code  Wk  startup_stm32f103xb.o [1]
EXTI1_IRQHandler        0x080047f1         Code  Wk  startup_stm32f103xb.o [1]
EXTI2_IRQHandler        0x080047f5         Code  Wk  startup_stm32f103xb.o [1]
EXTI3_IRQHandler        0x080047f9         Code  Wk  startup_stm32f103xb.o [1]
EXTI4_IRQHandler        0x080047fd         Code  Wk  startup_stm32f103xb.o [1]
EXTI9_5_IRQHandler      0x0800482d         Code  Wk  startup_stm32f103xb.o [1]
FLASH_IRQHandler        0x080047e5         Code  Wk  startup_stm32f103xb.o [1]
FLASH_MassErase         0x08002039   0x2a  Code  Lc  stm32f1xx_hal_flash_ex.o [1]
FLASH_OB_DisableWRP     0x0800215f   0xfc  Code  Lc  stm32f1xx_hal_flash_ex.o [1]
FLASH_OB_EnableWRP      0x08002063   0xfc  Code  Lc  stm32f1xx_hal_flash_ex.o [1]
FLASH_OB_GetRDP         0x08002377   0x1a  Code  Lc  stm32f1xx_hal_flash_ex.o [1]
FLASH_OB_GetWRP         0x08002371    0x6  Code  Lc  stm32f1xx_hal_flash_ex.o [1]
FLASH_OB_ProgramData    0x08002327   0x4a  Code  Lc  stm32f1xx_hal_flash_ex.o [1]
FLASH_OB_RDP_LevelConfig
                        0x0800225b   0x7e  Code  Lc  stm32f1xx_hal_flash_ex.o [1]
FLASH_OB_UserConfig     0x080022d9   0x4e  Code  Lc  stm32f1xx_hal_flash_ex.o [1]
FLASH_PageErase         0x08002391   0x24  Code  Gb  stm32f1xx_hal_flash_ex.o [1]
FLASH_PagesMask         0x08001911   0x22  Code  Gb  flash.o [1]
FLASH_Program_HalfWord  0x08001d63   0x16  Code  Lc  stm32f1xx_hal_flash.o [1]
FLASH_SetErrorCode      0x08001dd5   0x6e  Code  Lc  stm32f1xx_hal_flash.o [1]
FLASH_WaitForLastOperation
                        0x08001d79   0x5c  Code  Gb  stm32f1xx_hal_flash.o [1]
FLASH_read              0x0800190d    0x4  Code  Gb  flash.o [1]
FlCh                    0x2000166c    0x4  Data  Gb  UserModbusSlaver.o [1]
FlashWriteSemControlBlock
                        0x2000153c   0x48  Data  Gb  freertos.o [1]
FlashWriteSemHandle     0x20001680    0x4  Data  Gb  freertos.o [1]
FlashWritingTasBuffer   0x20000894  0x400  Data  Gb  freertos.o [1]
FlashWritingTasControlBlock
                        0x20001404   0x54  Data  Gb  freertos.o [1]
FlashWritingTasHandle   0x20001674    0x4  Data  Gb  freertos.o [1]
HAL_FLASHEx_Erase       0x08001e61   0xb4  Code  Gb  stm32f1xx_hal_flash_ex.o [1]
HAL_FLASHEx_OBErase     0x08001f15   0x74  Code  Gb  stm32f1xx_hal_flash_ex.o [1]
HAL_FLASHEx_OBProgram   0x08001f89   0xb0  Code  Gb  stm32f1xx_hal_flash_ex.o [1]
HAL_FLASH_Program       0x08001c95   0xaa  Code  Gb  stm32f1xx_hal_flash.o [1]
HAL_FLASH_Unlock        0x08001d3f   0x24  Code  Gb  stm32f1xx_hal_flash.o [1]
HAL_GPIO_TogglePin      0x0800421d    0xa  Code  Gb  stm32f1xx_hal_gpio.o [1]
HAL_GetTick             0x080028fb    0x6  Code  Wk  stm32f1xx_hal.o [1]
HAL_IncTick             0x080028eb   0x10  Code  Wk  stm32f1xx_hal.o [1]
HAL_Init                0x080028c9   0x22  Code  Gb  stm32f1xx_hal.o [1]
HAL_InitTick            0x08002d0d   0x82  Code  Gb  stm32f1xx_hal_timebase_TIM.o [1]
HAL_MspInit             0x08002d9d   0xa8  Code  Gb  stm32f1xx_hal_msp.o [1]
HAL_NVIC_EnableIRQ      0x08002cef    0xa  Code  Gb  stm32f1xx_hal_cortex.o [1]
HAL_NVIC_SetPriority    0x08002cc9   0x26  Code  Gb  stm32f1xx_hal_cortex.o [1]
HAL_NVIC_SetPriorityGrouping
                        0x08002cc1    0x8  Code  Gb  stm32f1xx_hal_cortex.o [1]
HAL_RCC_GetClockConfig  0x08002f85   0x3a  Code  Gb  stm32f1xx_hal_rcc.o [1]
HAL_RCC_GetHCLKFreq     0x08002f69    0x6  Code  Gb  stm32f1xx_hal_rcc.o [1]
HAL_RCC_GetPCLK1Freq    0x08002f6f   0x16  Code  Gb  stm32f1xx_hal_rcc.o [1]
HAL_TIMEx_BreakCallback
                        0x080034af    0x2  Code  Wk  stm32f1xx_hal_tim_ex.o [1]
HAL_TIMEx_CommutationCallback
                        0x080034ad    0x2  Code  Wk  stm32f1xx_hal_tim_ex.o [1]
HAL_TIM_Base_Init       0x08002fd1   0x38  Code  Gb  stm32f1xx_hal_tim.o [1]
HAL_TIM_Base_MspInit    0x08003009    0x2  Code  Wk  stm32f1xx_hal_tim.o [1]
HAL_TIM_Base_Start_IT   0x0800300b   0x1c  Code  Gb  stm32f1xx_hal_tim.o [1]
HAL_TIM_IC_CaptureCallback
                        0x080031a7    0x2  Code  Wk  stm32f1xx_hal_tim.o [1]
HAL_TIM_IRQHandler      0x08003027  0x17e  Code  Gb  stm32f1xx_hal_tim.o [1]
HAL_TIM_OC_DelayElapsedCallback
                        0x080031a5    0x2  Code  Wk  stm32f1xx_hal_tim.o [1]
HAL_TIM_PWM_PulseFinishedCallback
                        0x080031a9    0x2  Code  Wk  stm32f1xx_hal_tim.o [1]
HAL_TIM_PeriodElapsedCallback
                        0x08003499   0x10  Code  Gb  main.o [1]
HAL_TIM_TriggerCallback
                        0x080031ab    0x2  Code  Wk  stm32f1xx_hal_tim.o [1]
HardFault_Handler       0x08004081    0x2  Code  Gb  stm32f1xx_it.o [1]
I2C1_ER_IRQHandler      0x08004849         Code  Wk  startup_stm32f103xb.o [1]
I2C1_EV_IRQHandler      0x08004845         Code  Wk  startup_stm32f103xb.o [1]
I2C2_ER_IRQHandler      0x08004851         Code  Wk  startup_stm32f103xb.o [1]
I2C2_EV_IRQHandler      0x0800484d         Code  Wk  startup_stm32f103xb.o [1]
LL_ADC_CommonInit       0x0800376d   0x42  Code  Gb  stm32f1xx_ll_adc.o [1]
LL_ADC_Enable           0x0800328b    0xa  Code  Lc  main.o [1]
LL_ADC_EnableIT_EOS     0x0800329d    0xa  Code  Lc  main.o [1]
LL_ADC_Init             0x080037af   0x34  Code  Gb  stm32f1xx_ll_adc.o [1]
LL_ADC_IsCalibrationOnGoing
                        0x08003643    0xc  Code  Lc  adc.o [1]
LL_ADC_IsEnabled        0x08003765    0x8  Code  Lc  stm32f1xx_ll_adc.o [1]
LL_ADC_REG_Init         0x080037e3   0x60  Code  Gb  stm32f1xx_ll_adc.o [1]
LL_ADC_REG_ReadConversionData12
                        0x08004049    0x6  Code  Lc  stm32f1xx_it.o [1]
LL_ADC_REG_SetSequencerLength
                        0x08003759    0xc  Code  Lc  stm32f1xx_ll_adc.o [1]
LL_ADC_REG_SetSequencerRanks
                        0x080035b7   0x38  Code  Lc  adc.o [1]
LL_ADC_REG_StartConversionExtTrig
                        0x08003295    0x8  Code  Lc  main.o [1]
LL_ADC_SetChannelSamplingTime
                        0x080035ef   0x4a  Code  Lc  adc.o [1]
LL_ADC_StartCalibration
                        0x08003639    0xa  Code  Lc  adc.o [1]
LL_APB1_GRP1_EnableClock
                        0x08002465   0x1a  Code  Lc  tim.o [1]
LL_APB2_GRP1_EnableClock
                        0x0800359d   0x1a  Code  Lc  adc.o [1]
LL_APB2_GRP1_EnableClock
                        0x080034b5   0x1a  Code  Lc  gpio.o [1]
LL_APB2_GRP1_EnableClock
                        0x0800247f   0x1a  Code  Lc  tim.o [1]
LL_APB2_GRP1_EnableClock
                        0x080026b5   0x1a  Code  Lc  usart.o [1]
LL_FLASH_GetLatency     0x0800335f    0xa  Code  Lc  main.o [1]
LL_FLASH_SetLatency     0x0800334f   0x10  Code  Lc  main.o [1]
LL_GPIO_Init            0x08002a71   0x80  Code  Gb  stm32f1xx_ll_gpio.o [1]
LL_GPIO_ResetOutputPin  0x080034cf    0x8  Code  Lc  gpio.o [1]
LL_GPIO_SetPinMode      0x080029b5   0x36  Code  Lc  stm32f1xx_ll_gpio.o [1]
LL_GPIO_SetPinOutputType
                        0x08002a21   0x36  Code  Lc  stm32f1xx_ll_gpio.o [1]
LL_GPIO_SetPinPull      0x08002a57   0x1a  Code  Lc  stm32f1xx_ll_gpio.o [1]
LL_GPIO_SetPinSpeed     0x080029eb   0x36  Code  Lc  stm32f1xx_ll_gpio.o [1]
LL_Init1msTick          0x08003735    0xc  Code  Gb  stm32f1xx_ll_utils.o [1]
LL_InitTick             0x0800371d   0x18  Code  Lc  stm32f1xx_ll_utils.o [1]
LL_RCC_GetAHBPrescaler  0x08002e4f    0xa  Code  Lc  stm32f1xx_ll_rcc.o [1]
LL_RCC_GetAPB1Prescaler
                        0x08002e59    0xa  Code  Lc  stm32f1xx_ll_rcc.o [1]
LL_RCC_GetAPB2Prescaler
                        0x08002e63    0xa  Code  Lc  stm32f1xx_ll_rcc.o [1]
LL_RCC_GetSysClkSource  0x080032d3    0xa  Code  Lc  main.o [1]
LL_RCC_GetSysClkSource  0x08002e45    0xa  Code  Lc  stm32f1xx_ll_rcc.o [1]
LL_RCC_GetSystemClocksFreq
                        0x08002e8b   0x24  Code  Gb  stm32f1xx_ll_rcc.o [1]
LL_RCC_HSE_Enable       0x080032a7    0xe  Code  Lc  main.o [1]
LL_RCC_HSE_IsReady      0x080032b5    0xe  Code  Lc  main.o [1]
LL_RCC_PLL_ConfigDomain_SYS
                        0x08003339   0x16  Code  Lc  main.o [1]
LL_RCC_PLL_Enable       0x0800331d    0xe  Code  Lc  main.o [1]
LL_RCC_PLL_GetMainSource
                        0x08002e6d    0xa  Code  Lc  stm32f1xx_ll_rcc.o [1]
LL_RCC_PLL_GetMultiplicator
                        0x08002e77    0xa  Code  Lc  stm32f1xx_ll_rcc.o [1]
LL_RCC_PLL_GetPrediv    0x08002e81    0xa  Code  Lc  stm32f1xx_ll_rcc.o [1]
LL_RCC_PLL_IsReady      0x0800332b    0xe  Code  Lc  main.o [1]
LL_RCC_SetADCClockSource
                        0x0800330d   0x10  Code  Lc  main.o [1]
LL_RCC_SetAHBPrescaler  0x080032dd   0x10  Code  Lc  main.o [1]
LL_RCC_SetAPB1Prescaler
                        0x080032ed   0x10  Code  Lc  main.o [1]
LL_RCC_SetAPB2Prescaler
                        0x080032fd   0x10  Code  Lc  main.o [1]
LL_RCC_SetSysClkSource  0x080032c3   0x10  Code  Lc  main.o [1]
LL_SYSTICK_SetClkSource
                        0x08003369   0x20  Code  Lc  main.o [1]
LL_SetSystemCoreClock   0x08003741    0x6  Code  Gb  stm32f1xx_ll_utils.o [1]
LL_TIM_ClearFlag_UPDATE
                        0x0800404f    0x8  Code  Lc  stm32f1xx_it.o [1]
LL_TIM_ClearFlag_UPDATE
                        0x080024f5    0x8  Code  Lc  tim.o [1]
LL_TIM_DisableARRPreload
                        0x080024b7    0xa  Code  Lc  tim.o [1]
LL_TIM_DisableCounter   0x080024a3    0xa  Code  Lc  tim.o [1]
LL_TIM_DisableIT_UPDATE
                        0x08002507    0xa  Code  Lc  tim.o [1]
LL_TIM_DisableMasterSlaveMode
                        0x080024eb    0xa  Code  Lc  tim.o [1]
LL_TIM_EnableARRPreload
                        0x080024ad    0xa  Code  Lc  tim.o [1]
LL_TIM_EnableCounter    0x08003389    0xa  Code  Lc  main.o [1]
LL_TIM_EnableCounter    0x08002499    0xa  Code  Lc  tim.o [1]
LL_TIM_EnableIT_UPDATE  0x080024fd    0xa  Code  Lc  tim.o [1]
LL_TIM_EnableMasterSlaveMode
                        0x080024e1    0xa  Code  Lc  tim.o [1]
LL_TIM_GenerateEvent_UPDATE
                        0x08002919    0xa  Code  Lc  stm32f1xx_ll_tim.o [1]
LL_TIM_Init             0x08002923   0x84  Code  Gb  stm32f1xx_ll_tim.o [1]
LL_TIM_SetAutoReload    0x08002911    0x4  Code  Lc  stm32f1xx_ll_tim.o [1]
LL_TIM_SetAutoReload    0x080024c5    0x4  Code  Lc  tim.o [1]
LL_TIM_SetClockSource   0x080024c9    0xc  Code  Lc  tim.o [1]
LL_TIM_SetCounter       0x080024c1    0x4  Code  Lc  tim.o [1]
LL_TIM_SetPrescaler     0x0800290d    0x4  Code  Lc  stm32f1xx_ll_tim.o [1]
LL_TIM_SetRepetitionCounter
                        0x08002915    0x4  Code  Lc  stm32f1xx_ll_tim.o [1]
LL_TIM_SetTriggerOutput
                        0x080024d5    0xc  Code  Lc  tim.o [1]
LL_USART_ClearFlag_RXNE
                        0x08004077    0x8  Code  Lc  stm32f1xx_it.o [1]
LL_USART_ClearFlag_TC   0x0800406f    0x8  Code  Lc  stm32f1xx_it.o [1]
LL_USART_ConfigAsyncMode
                        0x080026d9   0x12  Code  Lc  usart.o [1]
LL_USART_DisableIT_RXNE
                        0x080026ff    0xa  Code  Lc  usart.o [1]
LL_USART_DisableIT_TC   0x08002709    0xa  Code  Lc  usart.o [1]
LL_USART_Enable         0x080026cf    0xa  Code  Lc  usart.o [1]
LL_USART_EnableIT_RXNE  0x080026eb    0xa  Code  Lc  usart.o [1]
LL_USART_EnableIT_TC    0x080026f5    0xa  Code  Lc  usart.o [1]
LL_USART_Init           0x08002b99   0x7a  Code  Gb  stm32f1xx_ll_usart.o [1]
LL_USART_IsActiveFlag_RXNE
                        0x08004057    0xc  Code  Lc  stm32f1xx_it.o [1]
LL_USART_IsActiveFlag_TC
                        0x08004063    0xc  Code  Lc  stm32f1xx_it.o [1]
LL_USART_IsEnabled      0x08002af1    0xc  Code  Lc  stm32f1xx_ll_usart.o [1]
LL_USART_SetBaudRate    0x08002b15   0x84  Code  Lc  stm32f1xx_ll_usart.o [1]
LL_USART_SetHWFlowCtrl  0x08002b09    0xc  Code  Lc  stm32f1xx_ll_usart.o [1]
LL_USART_SetStopBitsLength
                        0x08002afd    0xc  Code  Lc  stm32f1xx_ll_usart.o [1]
MX_ADC1_Init            0x0800364f   0x8a  Code  Gb  adc.o [1]
MX_FREERTOS_Init        0x08000d21   0x76  Code  Gb  freertos.o [1]
MX_GPIO_Init            0x080034d7   0x3e  Code  Gb  gpio.o [1]
MX_TIM1_Init            0x08002511   0x68  Code  Gb  tim.o [1]
MX_TIM3_Init            0x08002579   0x46  Code  Gb  tim.o [1]
MX_USART1_UART_Init     0x08002713   0x84  Code  Gb  usart.o [1]
MbTXSemControlBlock     0x200014f4   0x48  Data  Gb  freertos.o [1]
MbTXSemHandle           0x2000167c    0x4  Data  Gb  freertos.o [1]
MbTimSemControlBlock    0x200014ac   0x48  Data  Gb  freertos.o [1]
MbTimSemHandle          0x20001678    0x4  Data  Gb  freertos.o [1]
MemManage_Handler       0x08004083    0x2  Code  Gb  stm32f1xx_it.o [1]
MonitorTaskBuffer       0x20000094  0x800  Data  Gb  freertos.o [1]
MonitorTaskControlBlock
                        0x200013b0   0x54  Data  Gb  freertos.o [1]
MonitorTaskHandle       0x20001670    0x4  Data  Gb  freertos.o [1]
NMI_Handler             0x0800407f    0x2  Code  Gb  stm32f1xx_it.o [1]
NVIC_EnableIRQ          0x08003527   0x16  Code  Lc  adc.o [1]
NVIC_EnableIRQ          0x08002c4b   0x16  Code  Lc  stm32f1xx_hal_cortex.o [1]
NVIC_EnableIRQ          0x080023ef   0x16  Code  Lc  tim.o [1]
NVIC_EnableIRQ          0x0800263f   0x16  Code  Lc  usart.o [1]
NVIC_EncodePriority     0x0800355f   0x3e  Code  Lc  adc.o [1]
NVIC_EncodePriority     0x0800324d   0x3e  Code  Lc  main.o [1]
NVIC_EncodePriority     0x08002c83   0x3e  Code  Lc  stm32f1xx_hal_cortex.o [1]
NVIC_EncodePriority     0x08002427   0x3e  Code  Lc  tim.o [1]
NVIC_EncodePriority     0x08002677   0x3e  Code  Lc  usart.o [1]
NVIC_GetPriorityGrouping
                        0x0800351d    0xa  Code  Lc  adc.o [1]
NVIC_GetPriorityGrouping
                        0x08003221    0xa  Code  Lc  main.o [1]
NVIC_GetPriorityGrouping
                        0x08002c41    0xa  Code  Lc  stm32f1xx_hal_cortex.o [1]
NVIC_GetPriorityGrouping
                        0x080023e5    0xa  Code  Lc  tim.o [1]
NVIC_GetPriorityGrouping
                        0x08002635    0xa  Code  Lc  usart.o [1]
NVIC_SetPriority        0x0800353d   0x22  Code  Lc  adc.o [1]
NVIC_SetPriority        0x0800322b   0x22  Code  Lc  main.o [1]
NVIC_SetPriority        0x08002c61   0x22  Code  Lc  stm32f1xx_hal_cortex.o [1]
NVIC_SetPriority        0x08002405   0x22  Code  Lc  tim.o [1]
NVIC_SetPriority        0x08002655   0x22  Code  Lc  usart.o [1]
NVIC_SetPriorityGrouping
                        0x08002c25   0x1c  Code  Lc  stm32f1xx_hal_cortex.o [1]
PVD_IRQHandler          0x080047d9         Code  Wk  startup_stm32f103xb.o [1]
PendSV_Handler          0x08000e8d         Code  Gb  portasm.o [1]
RCC_GetHCLKClockFreq    0x08002edb   0x16  Code  Gb  stm32f1xx_ll_rcc.o [1]
RCC_GetPCLK1ClockFreq   0x08002ef1   0x14  Code  Gb  stm32f1xx_ll_rcc.o [1]
RCC_GetPCLK2ClockFreq   0x08002f05   0x14  Code  Gb  stm32f1xx_ll_rcc.o [1]
RCC_GetSystemClockFreq  0x08002eaf   0x2c  Code  Gb  stm32f1xx_ll_rcc.o [1]
RCC_IRQHandler          0x080047e9         Code  Wk  startup_stm32f103xb.o [1]
RCC_PLL_GetFreqDomain_SYS
                        0x08002f19   0x3a  Code  Gb  stm32f1xx_ll_rcc.o [1]
RTC_Alarm_IRQHandler    0x08004869         Code  Wk  startup_stm32f103xb.o [1]
RTC_IRQHandler          0x080047e1         Code  Wk  startup_stm32f103xb.o [1]
ReadFlash               0x080019c1   0x28  Code  Gb  flash.o [1]
Region$$Table$$Base     0x080046a8          --   Gb  - Linker created -
Region$$Table$$Limit    0x080046cc          --   Gb  - Linker created -
Reset_Handler           0x08004781         Code  Wk  startup_stm32f103xb.o [1]
SPI1_IRQHandler         0x08004855         Code  Wk  startup_stm32f103xb.o [1]
SPI2_IRQHandler         0x08004859         Code  Wk  startup_stm32f103xb.o [1]
SVC_Handler             0x08000ed3         Code  Gb  portasm.o [1]
StartFlashWritingTask   0x08000dc3   0x8a  Code  Gb  freertos.o [1]
StartMonitorTask        0x08000d97   0x2c  Code  Gb  freertos.o [1]
SysTick_Handler         0x0800408b    0x8  Code  Gb  stm32f1xx_it.o [1]
SystemClock_Config      0x080033dd   0x90  Code  Gb  main.o [1]
SystemCoreClock         0x20000084    0x4  Data  Gb  system_stm32f1xx.o [1]
SystemInit              0x080045bd   0x4e  Code  Gb  system_stm32f1xx.o [1]
TAMPER_IRQHandler       0x080047dd         Code  Wk  startup_stm32f103xb.o [1]
TIM1_BRK_IRQHandler     0x08004831         Code  Wk  startup_stm32f103xb.o [1]
TIM1_CC_IRQHandler      0x08004839         Code  Wk  startup_stm32f103xb.o [1]
TIM1_TRG_COM_IRQHandler
                        0x08004835         Code  Wk  startup_stm32f103xb.o [1]
TIM1_UP_IRQHandler      0x080040bb   0x2e  Code  Gb  stm32f1xx_it.o [1]
TIM2_IRQHandler         0x080040e9    0xa  Code  Gb  stm32f1xx_it.o [1]
TIM3_IRQHandler         0x0800483d         Code  Wk  startup_stm32f103xb.o [1]
TIM4_IRQHandler         0x08004841         Code  Wk  startup_stm32f103xb.o [1]
TIM_Base_SetConfig      0x080031ad   0x68  Code  Gb  stm32f1xx_hal_tim.o [1]
UARTSendMess            0x080027d7   0x34  Code  Gb  usart.o [1]
UART_PutChar            0x080027c5    0x8  Code  Gb  usart.o [1]
USART1_IRQHandler       0x080040f3   0x4e  Code  Gb  stm32f1xx_it.o [1]
USART2_IRQHandler       0x0800485d         Code  Wk  startup_stm32f103xb.o [1]
USART3_IRQHandler       0x08004861         Code  Wk  startup_stm32f103xb.o [1]
USBWakeUp_IRQHandler    0x0800486d         Code  Wk  startup_stm32f103xb.o [1]
USB_HP_CAN1_TX_IRQHandler
                        0x0800481d         Code  Wk  startup_stm32f103xb.o [1]
USB_LP_CAN1_RX0_IRQHandler
                        0x08004821         Code  Wk  startup_stm32f103xb.o [1]
UsageFault_Handler      0x08004087    0x2  Code  Gb  stm32f1xx_it.o [1]
WWDG_IRQHandler         0x080047d5         Code  Wk  startup_stm32f103xb.o [1]
WriteFlash              0x08001933   0x8e  Code  Gb  flash.o [1]
_Error_Handler          0x080034a9    0x2  Code  Gb  main.o [1]
__aeabi_d2f             0x0800418d         Code  Gb  DblToFlt.o [4]
__aeabi_dmul            0x08003ea5         Code  Gb  DblMul.o [4]
__aeabi_llsr            0x080028a9         Code  Gb  U64Shr.o [5]
__aeabi_memclr4         0x08001c8d         Code  Gb  ABImemclr4.o [5]
__aeabi_memcpy          0x08000fb1         Code  Gb  ABImemcpy.o [5]
__aeabi_memcpy4         0x08000fd1         Code  Gb  ABImemcpy.o [5]
__aeabi_memcpy8         0x08000fd1         Code  Gb  ABImemcpy.o [5]
__aeabi_memset          0x08003c65         Code  Gb  ABImemset.o [5]
__aeabi_ui2d            0x08004171         Code  Gb  I32ToDbl.o [4]
__cmain                 0x08004721         Code  Gb  cmain.o [5]
__exit                  0x0800474d   0x14  Code  Gb  exit.o [6]
__iar_Memset            0x08003c65         Code  Gb  ABImemset.o [5]
__iar_Memset4_word      0x08002875         Code  Gb  ABImemset48.o [5]
__iar_Memset8_word      0x08002875         Code  Gb  ABImemset48.o [5]
__iar_Memset_word       0x08003c6d         Code  Gb  ABImemset.o [5]
__iar_SB                0x08004870         Data  Gb  bwt_init3c.o [5]
__iar_copy_init3        0x08000f83   0x2e  Code  Gb  copy_init3.o [5]
__iar_data_init3        0x08004659   0x2c  Code  Gb  data_init3.o [5]
__iar_program_start     0x0800479d         Code  Gb  cstartup_M.o [5]
__iar_ui2d              0x08004175         Code  Gb  I32ToDbl.o [4]
__iar_zero_init3        0x08001027   0x22  Code  Gb  zero_init3.o [5]
__low_level_init        0x08004737    0x4  Code  Gb  low_level_init.o [3]
__vector_table          0x08000000         Data  Gb  startup_stm32f103xb.o [1]
_call_main              0x0800472d         Code  Gb  cmain.o [5]
_exit                   0x08004741         Code  Gb  cexit.o [5]
_main                   0x08004733         Code  Gb  cmain.o [5]
aucCRCHi                0x08004228  0x100  Data  Lc  mbcrc.o [1]
aucCRCLo                0x08004328  0x100  Data  Lc  mbcrc.o [1]
eMBCurrentMode          0x200016f7    0x1  Data  Lc  mb.o [1]
eMBEnable               0x080010cb   0x22  Code  Gb  mb.o [1]
eMBFuncReadCoils        0x08004429   0x8e  Code  Gb  mbfunccoils.o [1]
eMBFuncReadDiscreteInputs
                        0x080044b7   0x8c  Code  Gb  mbfuncdisc.o [1]
eMBFuncReadHoldingRegister
                        0x08003d65   0x7a  Code  Gb  mbfuncholding.o [1]
eMBFuncReadInputRegister
                        0x08004543   0x78  Code  Gb  mbfuncinput.o [1]
eMBFuncReadWriteMultipleHoldingRegister
                        0x08003ddf   0xc6  Code  Gb  mbfuncholding.o [1]
eMBFuncReportSlaveID    0x08004685   0x1c  Code  Gb  mbfuncother.o [1]
eMBFuncWriteHoldingRegister
                        0x08003ccb   0x38  Code  Gb  mbfuncholding.o [1]
eMBFuncWriteMultipleHoldingRegister
                        0x08003d03   0x62  Code  Gb  mbfuncholding.o [1]
eMBInit                 0x08001049   0x82  Code  Gb  mb.o [1]
eMBPoll                 0x080010ed  0x106  Code  Gb  mb.o [1]
eMBRTUInit              0x080019f1   0x22  Code  Gb  mbrtu.o [1]
eMBRTUReceive           0x08001a41   0x50  Code  Gb  mbrtu.o [1]
eMBRTUSend              0x08001a91   0x82  Code  Gb  mbrtu.o [1]
eMBRTUStart             0x08001a13   0x16  Code  Gb  mbrtu.o [1]
eMBRTUStop              0x08001a29   0x18  Code  Gb  mbrtu.o [1]
eMBRegCoilsCB           0x080039f7   0xe6  Code  Gb  UserModbusSlaver.o [1]
eMBRegDiscreteCB        0x08003add   0x94  Code  Gb  UserModbusSlaver.o [1]
eMBRegHoldingCB         0x080038ab  0x14c  Code  Gb  UserModbusSlaver.o [1]
eMBRegInputCB           0x08003851   0x5a  Code  Gb  UserModbusSlaver.o [1]
eMBState                0x20000090    0x1  Data  Lc  mb.o [1]
eQueuedEvent            0x200016fe    0x1  Data  Lc  portevent.o [1]
eRcvState               0x200016fc    0x1  Data  Lc  mbrtu.o [1]
eSndState               0x200016fb    0x1  Data  Lc  mbrtu.o [1]
exit                    0x0800473b    0x4  Code  Gb  exit.o [3]
flash_queue_data        0x20001658    0xc  Data  Gb  freertos.o [1]
htim2                   0x20001584   0x40  Data  Gb  stm32f1xx_hal_timebase_TIM.o [1]
main                    0x08003393   0x4a  Code  Gb  main.o [1]
makeFreeRtosPriority    0x08000f15   0x12  Code  Lc  cmsis_os.o [1]
mbTimerReInit           0x080025bf   0x16  Code  Gb  tim.o [1]
memcpy                  0x08001c7d    0xe  Code  Gb  queue.o [1]
memset                  0x08003bb9   0x14  Code  Gb  cmsis_os.o [1]
osKernelStart           0x08000f27    0xa  Code  Gb  cmsis_os.o [1]
osSemaphoreCreate       0x08000f57   0x1c  Code  Gb  cmsis_os.o [1]
osSystickHandler        0x08000f73   0x10  Code  Gb  cmsis_os.o [1]
osThreadCreate          0x08000f31   0x26  Code  Gb  cmsis_os.o [1]
pFlash                  0x200015e8   0x20  Data  Gb  stm32f1xx_hal_flash.o [1]
pcInterruptPriorityRegisters
                        0x080047d0    0x4  Data  Lc  port.o [1]
peMBFrameReceiveCur     0x20001690    0x4  Data  Lc  mb.o [1]
peMBFrameSendCur        0x20001684    0x4  Data  Lc  mb.o [1]
prvAddCurrentTaskToDelayedList
                        0x080009c9   0x7c  Code  Lc  tasks.o [1]
prvAddNewTaskToReadyList
                        0x08000201   0xb8  Code  Lc  tasks.o [1]
prvCheckTasksWaitingTermination
                        0x080007c1    0x2  Code  Lc  tasks.o [1]
prvCopyDataFromQueue    0x08001835   0x2a  Code  Lc  queue.o [1]
prvCopyDataToQueue      0x080017b9   0x7c  Code  Lc  queue.o [1]
prvIdleTask             0x08000751   0x20  Code  Lc  tasks.o [1]
prvInitialiseNewQueue   0x08001387   0x1c  Code  Lc  queue.o [1]
prvInitialiseNewTask    0x0800014b   0xb6  Code  Lc  tasks.o [1]
prvInitialiseTaskLists  0x08000771   0x4c  Code  Lc  tasks.o [1]
prvIsQueueEmpty         0x080018cd   0x1c  Code  Lc  queue.o [1]
prvIsQueueFull          0x080018e9   0x1e  Code  Lc  queue.o [1]
prvResetNextTaskUnblockTime
                        0x080007c3   0x2c  Code  Lc  tasks.o [1]
prvTaskExitError        0x08000b35   0x2a  Code  Lc  port.o [1]
prvUnlockQueue          0x0800185f   0x6e  Code  Lc  queue.o [1]
prveMBError2Exception   0x08003c43   0x22  Code  Gb  mbutils.o [1]
pucSndBufferCur         0x200016a8    0x4  Data  Lc  mbrtu.o [1]
pvMBFrameCloseCur       0x20001694    0x4  Data  Lc  mb.o [1]
pvMBFrameStartCur       0x20001688    0x4  Data  Lc  mb.o [1]
pvMBFrameStopCur        0x2000168c    0x4  Data  Lc  mb.o [1]
pvTaskIncrementMutexHeldCount
                        0x08000981   0x1e  Code  Gb  tasks.o [1]
pxCurrentTCB            0x200016b4    0x4  Data  Gb  tasks.o [1]
pxDelayedTaskList       0x200016b8    0x4  Data  Lc  tasks.o [1]
pxMBFrameCBByteReceived
                        0x20001698    0x4  Data  Gb  mb.o [1]
pxMBFrameCBTransmitterEmpty
                        0x2000169c    0x4  Data  Gb  mb.o [1]
pxMBPortCBTimerExpired  0x200016a0    0x4  Data  Gb  mb.o [1]
pxOverflowDelayedTaskList
                        0x200016bc    0x4  Data  Lc  tasks.o [1]
pxPortInitialiseStack   0x08000b15   0x20  Code  Gb  port.o [1]
pxReadyTasksLists       0x20001324   0x8c  Data  Lc  tasks.o [1]
ucMBAddress             0x200016f6    0x1  Data  Lc  mb.o [1]
ucMBSlaveID             0x200015c4   0x20  Data  Lc  mbfuncother.o [1]
ucMaxSysCallPriority    0x200016fd    0x1  Data  Lc  port.o [1]
ucRTUBuf                0x20001094  0x100  Data  Gb  mbrtu.o [1]
ulMaxPRIGROUPValue      0x200016ac    0x4  Data  Lc  port.o [1]
usCoilBuf               0x20001664    0x8  Data  Gb  UserModbusSlaver.o [1]
usCoilStart             0x2000008a    0x2  Data  Gb  UserModbusSlaver.o [1]
usDiscreteInputBuf      0x200016ec    0x2  Data  Gb  UserModbusSlaver.o [1]
usDiscreteInputStart    0x20000088    0x2  Data  Gb  UserModbusSlaver.o [1]
usMBCRC16               0x08002839   0x3c  Code  Gb  mbcrc.o [1]
usMBSlaveIDLen          0x200016f0    0x2  Data  Lc  mbfuncother.o [1]
usRcvBufferPos          0x200016f4    0x2  Data  Lc  mbrtu.o [1]
usRegHoldingBuf         0x2000125c   0xc8  Data  Gb  UserModbusSlaver.o [1]
usRegHoldingStart       0x2000008e    0x2  Data  Gb  UserModbusSlaver.o [1]
usRegInputBuf           0x20001194   0xc8  Data  Gb  UserModbusSlaver.o [1]
usRegInputStart         0x2000008c    0x2  Data  Gb  UserModbusSlaver.o [1]
usSndBufferCount        0x200016f2    0x2  Data  Lc  mbrtu.o [1]
uwTick                  0x200016b0    0x4  Data  Gb  stm32f1xx_hal.o [1]
uwTickFreq              0x20000091    0x1  Data  Gb  stm32f1xx_hal.o [1]
uxCriticalNesting       0x20000080    0x4  Data  Lc  port.o [1]
uxCurrentNumberOfTasks  0x200016c0    0x4  Data  Lc  tasks.o [1]
uxListRemove            0x08000aef   0x26  Code  Gb  list.o [1]
uxPendedTicks           0x200016d0    0x4  Data  Lc  tasks.o [1]
uxSchedulerSuspended    0x200016e8    0x4  Data  Lc  tasks.o [1]
uxTaskNumber            0x200016dc    0x4  Data  Lc  tasks.o [1]
uxTopReadyPriority      0x200016c8    0x4  Data  Lc  tasks.o [1]
vApplicationGetIdleTaskMemory
                        0x08000d11   0x10  Code  Gb  freertos.o [1]
vListInitialise         0x08000a7d   0x1e  Code  Gb  list.o [1]
vListInitialiseItem     0x08000a9b    0x6  Code  Gb  list.o [1]
vListInsert             0x08000ab9   0x36  Code  Gb  list.o [1]
vListInsertEnd          0x08000aa1   0x18  Code  Gb  list.o [1]
vMBPortSerialEnable     0x08002797   0x2e  Code  Gb  usart.o [1]
vMBPortTimersDisable    0x080025f3   0x1e  Code  Gb  tim.o [1]
vMBPortTimersEnable     0x080025d5   0x1e  Code  Gb  tim.o [1]
vPortEnterCritical      0x08000be7   0x3a  Code  Gb  port.o [1]
vPortExitCritical       0x08000c21   0x32  Code  Gb  port.o [1]
vPortSetupTimerInterrupt
                        0x08000c7b   0x1a  Code  Wk  port.o [1]
vPortStartFirstTask     0x08000ef3         Code  Gb  portasm.o [1]
vPortValidateInterruptPriority
                        0x08000c99   0x4c  Code  Gb  port.o [1]
vTaskMissedYield        0x08000743    0xa  Code  Gb  tasks.o [1]
vTaskPlaceOnEventList   0x080005ef   0x2e  Code  Gb  tasks.o [1]
vTaskPriorityInherit    0x08000825   0xa4  Code  Gb  tasks.o [1]
vTaskSetTimeOutState    0x0800069d   0x26  Code  Gb  tasks.o [1]
vTaskStartScheduler     0x080002b9   0x92  Code  Gb  tasks.o [1]
vTaskSuspendAll         0x0800034b   0x10  Code  Gb  tasks.o [1]
vTaskSwitchContext      0x0800057d   0x72  Code  Gb  tasks.o [1]
xDelayedTaskList1       0x20001608   0x14  Data  Lc  tasks.o [1]
xDelayedTaskList2       0x2000161c   0x14  Data  Lc  tasks.o [1]
xEventInQueue           0x200016ff    0x1  Data  Lc  portevent.o [1]
xFuncHandlers           0x20000000   0x80  Data  Lc  mb.o [1]
xIdleStack              0x20000c94  0x400  Data  Lc  freertos.o [1]
xIdleTaskHandle         0x200016e4    0x4  Data  Lc  tasks.o [1]
xIdleTaskTCBBuffer      0x20001458   0x54  Data  Lc  freertos.o [1]
xMBPortEventGet         0x08001c55   0x1e  Code  Gb  portevent.o [1]
xMBPortEventInit        0x08001c3d    0xa  Code  Gb  portevent.o [1]
xMBPortEventPost        0x08001c47    0xe  Code  Gb  portevent.o [1]
xMBPortSerialGetByte    0x080027cd    0xa  Code  Gb  usart.o [1]
xMBRTUReceiveFSM        0x08001b13   0x84  Code  Gb  mbrtu.o [1]
xMBRTUTimerT35Expired   0x08001be3   0x3c  Code  Gb  mbrtu.o [1]
xMBRTUTransmitFSM       0x08001b97   0x4c  Code  Gb  mbrtu.o [1]
xMBUtilGetBits          0x08003c15   0x2e  Code  Gb  mbutils.o [1]
xMBUtilSetBits          0x08003bcd   0x48  Code  Gb  mbutils.o [1]
xNextTaskUnblockTime    0x200016e0    0x4  Data  Lc  tasks.o [1]
xNumOfOverflows         0x200016d8    0x4  Data  Lc  tasks.o [1]
xPendingReadyList       0x20001630   0x14  Data  Lc  tasks.o [1]
xPortStartScheduler     0x08000b5f   0x88  Code  Gb  port.o [1]
xPortSysTickHandler     0x08000c53   0x28  Code  Gb  port.o [1]
xQueueGenericCreateStatic
                        0x080012e7   0xa0  Code  Gb  queue.o [1]
xQueueGenericReceive    0x080015f5  0x1c4  Code  Gb  queue.o [1]
xQueueGenericReset      0x08001255   0x92  Code  Gb  queue.o [1]
xQueueGenericSend       0x080013a3  0x19c  Code  Gb  queue.o [1]
xQueueGiveFromISR       0x0800153f   0xb6  Code  Gb  queue.o [1]
xSchedulerRunning       0x200016cc    0x4  Data  Lc  tasks.o [1]
xSuspendedTaskList      0x20001644   0x14  Data  Lc  tasks.o [1]
xTaskCheckForTimeOut    0x080006c3   0x80  Code  Gb  tasks.o [1]
xTaskCreateStatic       0x080000ed   0x5e  Code  Gb  tasks.o [1]
xTaskGetSchedulerState  0x08000801   0x20  Code  Gb  tasks.o [1]
xTaskIncrementTick      0x08000459  0x124  Code  Gb  tasks.o [1]
xTaskPriorityDisinherit
                        0x080008c9   0xb4  Code  Gb  tasks.o [1]
xTaskRemoveFromEventList
                        0x0800061d   0x80  Code  Gb  tasks.o [1]
xTaskResumeAll          0x0800035b   0xfe  Code  Gb  tasks.o [1]
xTickCount              0x200016c4    0x4  Data  Lc  tasks.o [1]
xYieldPending           0x200016d4    0x4  Data  Lc  tasks.o [1]


[1] = D:\projects\задания от работодателя\ЭМИС\EWARM\mb_v1.0\Obj
[2] = command line
[3] = dl7M_tlf.a
[4] = m7M_tl.a
[5] = rt7M_tl.a
[6] = shb_l.a

  17 770 bytes of readonly  code memory
     922 bytes of readonly  data memory
   6 912 bytes of readwrite data memory

Errors: none
Warnings: none
