###############################################################################
#                                                                             #
# IAR ANSI C/C++ Compiler V6.30.1.53127/W32 for ARM     27/Aug/2018  03:21:39 #
# Copyright 1999-2011 IAR Systems AB.                                         #
#                                                                             #
#    Cpu mode     =  thumb                                                    #
#    Endian       =  little                                                   #
#    Source file  =  D:\projects\задания от работодателя\ЭМИС\FreeModbus\modb #
#                    us\rtu\mbcrc.c                                           #
#    Command line =  "D:\projects\задания от работодателя\ЭМИС\FreeModbus\mod #
#                    bus\rtu\mbcrc.c" -D USE_FULL_LL_DRIVER -D                #
#                    USE_HAL_DRIVER -D STM32F103xB -lC "D:\projects\задания   #
#                    от работодателя\ЭМИС\EWARM\mb_v1.0/List\" -o             #
#                    "D:\projects\задания от работодателя\ЭМИС\EWARM\mb_v1.0/ #
#                    Obj\" --no_cse --no_unroll --no_inline --no_code_motion  #
#                    --no_tbaa --no_clustering --no_scheduling --debug        #
#                    --endian=little --cpu=Cortex-M3 -e --fpu=None            #
#                    --dlib_config "C:\Program Files\IAR Systems\Embedded     #
#                    Workbench 6.0\arm\INC\c\DLib_Config_Full.h" -I           #
#                    "D:\projects\задания от работодателя\ЭМИС\EWARM/../Inc\" #
#                     -I "D:\projects\задания от                              #
#                    работодателя\ЭМИС\EWARM/../Drivers/STM32F1xx_HAL_Driver/ #
#                    Inc\" -I "D:\projects\задания от                         #
#                    работодателя\ЭМИС\EWARM/../Drivers/STM32F1xx_HAL_Driver/ #
#                    Inc/Legacy\" -I "D:\projects\задания от                  #
#                    работодателя\ЭМИС\EWARM/../Middlewares/Third_Party/FreeR #
#                    TOS/Source/portable/IAR/ARM_CM3\" -I                     #
#                    "D:\projects\задания от работодателя\ЭМИС\EWARM/../Drive #
#                    rs/CMSIS/Device/ST/STM32F1xx/Include\" -I                #
#                    "D:\projects\задания от работодателя\ЭМИС\EWARM/../Middl #
#                    ewares/Third_Party/FreeRTOS/Source/include\" -I          #
#                    "D:\projects\задания от работодателя\ЭМИС\EWARM/../Middl #
#                    ewares/Third_Party/FreeRTOS/Source/CMSIS_RTOS\" -I       #
#                    "D:\projects\задания от работодателя\ЭМИС\EWARM/../Drive #
#                    rs/CMSIS/Include\" -I "D:\projects\задания от            #
#                    работодателя\ЭМИС\EWARM/../FreeModbus\" -I               #
#                    "D:\projects\задания от работодателя\ЭМИС\EWARM/../FreeM #
#                    odbus/modbus\" -I "D:\projects\задания от                #
#                    работодателя\ЭМИС\EWARM/../FreeModbus/modbus/rtu\" -I    #
#                    "D:\projects\задания от работодателя\ЭМИС\EWARM/../FreeM #
#                    odbus/modbus/ascii\" -I "D:\projects\задания от          #
#                    работодателя\ЭМИС\EWARM/../FreeModbus/modbus/tcp\" -I    #
#                    "D:\projects\задания от работодателя\ЭМИС\EWARM/../FreeM #
#                    odbus/modbus/functions\" -I "D:\projects\задания от      #
#                    работодателя\ЭМИС\EWARM/../FreeModbus/modbus/include\"   #
#                    -I "D:\projects\задания от работодателя\ЭМИС\EWARM/../Fr #
#                    eeModbus/port\" -Ol                                      #
#    List file    =  D:\projects\задания от работодателя\ЭМИС\EWARM\mb_v1.0/L #
#                    ist\mbcrc.lst                                            #
#    Object file  =  D:\projects\задания от работодателя\ЭМИС\EWARM\mb_v1.0/O #
#                    bj\mbcrc.o                                               #
#                                                                             #
#                                                                             #
###############################################################################

D:\projects\задания от работодателя\ЭМИС\FreeModbus\modbus\rtu\mbcrc.c
      1          /* 
      2           * FreeModbus Libary: A portable Modbus implementation for Modbus ASCII/RTU.
      3           * Copyright (c) 2006 Christian Walter <wolti@sil.at>
      4           * All rights reserved.
      5           *
      6           * Redistribution and use in source and binary forms, with or without
      7           * modification, are permitted provided that the following conditions
      8           * are met:
      9           * 1. Redistributions of source code must retain the above copyright
     10           *    notice, this list of conditions and the following disclaimer.
     11           * 2. Redistributions in binary form must reproduce the above copyright
     12           *    notice, this list of conditions and the following disclaimer in the
     13           *    documentation and/or other materials provided with the distribution.
     14           * 3. The name of the author may not be used to endorse or promote products
     15           *    derived from this software without specific prior written permission.
     16           *
     17           * THIS SOFTWARE IS PROVIDED BY THE AUTHOR ``AS IS'' AND ANY EXPRESS OR
     18           * IMPLIED WARRANTIES, INCLUDING, BUT NOT LIMITED TO, THE IMPLIED WARRANTIES
     19           * OF MERCHANTABILITY AND FITNESS FOR A PARTICULAR PURPOSE ARE DISCLAIMED.
     20           * IN NO EVENT SHALL THE AUTHOR BE LIABLE FOR ANY DIRECT, INDIRECT,
     21           * INCIDENTAL, SPECIAL, EXEMPLARY, OR CONSEQUENTIAL DAMAGES (INCLUDING, BUT
     22           * NOT LIMITED TO, PROCUREMENT OF SUBSTITUTE GOODS OR SERVICES; LOSS OF USE,
     23           * DATA, OR PROFITS; OR BUSINESS INTERRUPTION) HOWEVER CAUSED AND ON ANY
     24           * THEORY OF LIABILITY, WHETHER IN CONTRACT, STRICT LIABILITY, OR TORT
     25           * (INCLUDING NEGLIGENCE OR OTHERWISE) ARISING IN ANY WAY OUT OF THE USE OF
     26           * THIS SOFTWARE, EVEN IF ADVISED OF THE POSSIBILITY OF SUCH DAMAGE.
     27           *
     28           * File: $Id: mbcrc.c,v 1.7 2007/02/18 23:50:27 wolti Exp $
     29           */
     30          
     31          /* ----------------------- Platform includes --------------------------------*/
     32          #include "port.h"
     33          

   \                                 In section .rodata, align 4
     34          static const UCHAR aucCRCHi[] = {
   \                     aucCRCHi:
   \   00000000   0x00 0xC1          DC8 0, 193, 129, 64, 1, 192, 128, 65, 1, 192, 128, 65, 0, 193, 129, 64
   \              0x81 0x40    
   \              0x01 0xC0    
   \              0x80 0x41    
   \              0x01 0xC0    
   \              0x80 0x41    
   \              0x00 0xC1    
   \              0x81 0x40    
   \   00000010   0x01 0xC0          DC8 1, 192, 128, 65, 0, 193, 129, 64, 0, 193, 129, 64, 1, 192, 128, 65
   \              0x80 0x41    
   \              0x00 0xC1    
   \              0x81 0x40    
   \              0x00 0xC1    
   \              0x81 0x40    
   \              0x01 0xC0    
   \              0x80 0x41    
   \   00000020   0x01 0xC0          DC8 1, 192, 128, 65, 0, 193, 129, 64, 0, 193, 129, 64, 1, 192, 128, 65
   \              0x80 0x41    
   \              0x00 0xC1    
   \              0x81 0x40    
   \              0x00 0xC1    
   \              0x81 0x40    
   \              0x01 0xC0    
   \              0x80 0x41    
   \   00000030   0x00 0xC1          DC8 0, 193, 129, 64, 1, 192, 128, 65, 1, 192, 128, 65, 0, 193, 129, 64
   \              0x81 0x40    
   \              0x01 0xC0    
   \              0x80 0x41    
   \              0x01 0xC0    
   \              0x80 0x41    
   \              0x00 0xC1    
   \              0x81 0x40    
   \   00000040   0x01 0xC0          DC8 1, 192, 128, 65, 0, 193, 129, 64, 0, 193, 129, 64, 1, 192, 128, 65
   \              0x80 0x41    
   \              0x00 0xC1    
   \              0x81 0x40    
   \              0x00 0xC1    
   \              0x81 0x40    
   \              0x01 0xC0    
   \              0x80 0x41    
   \   00000050   0x00 0xC1          DC8 0, 193, 129, 64, 1, 192, 128, 65, 1, 192, 128, 65, 0, 193, 129, 64
   \              0x81 0x40    
   \              0x01 0xC0    
   \              0x80 0x41    
   \              0x01 0xC0    
   \              0x80 0x41    
   \              0x00 0xC1    
   \              0x81 0x40    
   \   00000060   0x00 0xC1          DC8 0, 193, 129, 64, 1, 192, 128, 65, 1, 192, 128, 65, 0, 193, 129, 64
   \              0x81 0x40    
   \              0x01 0xC0    
   \              0x80 0x41    
   \              0x01 0xC0    
   \              0x80 0x41    
   \              0x00 0xC1    
   \              0x81 0x40    
   \   00000070   0x01 0xC0          DC8 1, 192, 128, 65, 0, 193, 129, 64, 0, 193, 129, 64, 1, 192, 128, 65
   \              0x80 0x41    
   \              0x00 0xC1    
   \              0x81 0x40    
   \              0x00 0xC1    
   \              0x81 0x40    
   \              0x01 0xC0    
   \              0x80 0x41    
   \   00000080   0x01 0xC0          DC8 1, 192, 128, 65, 0, 193, 129, 64, 0, 193, 129, 64, 1, 192, 128, 65
   \              0x80 0x41    
   \              0x00 0xC1    
   \              0x81 0x40    
   \              0x00 0xC1    
   \              0x81 0x40    
   \              0x01 0xC0    
   \              0x80 0x41    
   \   00000090   0x00 0xC1          DC8 0, 193, 129, 64, 1, 192, 128, 65, 1, 192, 128, 65, 0, 193, 129, 64
   \              0x81 0x40    
   \              0x01 0xC0    
   \              0x80 0x41    
   \              0x01 0xC0    
   \              0x80 0x41    
   \              0x00 0xC1    
   \              0x81 0x40    
   \   000000A0   0x00 0xC1          DC8 0, 193, 129, 64, 1, 192, 128, 65, 1, 192, 128, 65, 0, 193, 129, 64
   \              0x81 0x40    
   \              0x01 0xC0    
   \              0x80 0x41    
   \              0x01 0xC0    
   \              0x80 0x41    
   \              0x00 0xC1    
   \              0x81 0x40    
   \   000000B0   0x01 0xC0          DC8 1, 192, 128, 65, 0, 193, 129, 64, 0, 193, 129, 64, 1, 192, 128, 65
   \              0x80 0x41    
   \              0x00 0xC1    
   \              0x81 0x40    
   \              0x00 0xC1    
   \              0x81 0x40    
   \              0x01 0xC0    
   \              0x80 0x41    
   \   000000C0   0x00 0xC1          DC8 0, 193, 129, 64, 1, 192, 128, 65, 1, 192, 128, 65, 0, 193, 129, 64
   \              0x81 0x40    
   \              0x01 0xC0    
   \              0x80 0x41    
   \              0x01 0xC0    
   \              0x80 0x41    
   \              0x00 0xC1    
   \              0x81 0x40    
   \   000000D0   0x01 0xC0          DC8 1, 192, 128, 65, 0, 193, 129, 64, 0, 193, 129, 64, 1, 192, 128, 65
   \              0x80 0x41    
   \              0x00 0xC1    
   \              0x81 0x40    
   \              0x00 0xC1    
   \              0x81 0x40    
   \              0x01 0xC0    
   \              0x80 0x41    
   \   000000E0   0x01 0xC0          DC8 1, 192, 128, 65, 0, 193, 129, 64, 0, 193, 129, 64, 1, 192, 128, 65
   \              0x80 0x41    
   \              0x00 0xC1    
   \              0x81 0x40    
   \              0x00 0xC1    
   \              0x81 0x40    
   \              0x01 0xC0    
   \              0x80 0x41    
   \   000000F0   0x00 0xC1          DC8 0, 193, 129, 64, 1, 192, 128, 65, 1, 192, 128, 65, 0, 193, 129, 64
   \              0x81 0x40    
   \              0x01 0xC0    
   \              0x80 0x41    
   \              0x01 0xC0    
   \              0x80 0x41    
   \              0x00 0xC1    
   \              0x81 0x40    
     35              0x00, 0xC1, 0x81, 0x40, 0x01, 0xC0, 0x80, 0x41, 0x01, 0xC0, 0x80, 0x41,
     36              0x00, 0xC1, 0x81, 0x40, 0x01, 0xC0, 0x80, 0x41, 0x00, 0xC1, 0x81, 0x40,
     37              0x00, 0xC1, 0x81, 0x40, 0x01, 0xC0, 0x80, 0x41, 0x01, 0xC0, 0x80, 0x41,
     38              0x00, 0xC1, 0x81, 0x40, 0x00, 0xC1, 0x81, 0x40, 0x01, 0xC0, 0x80, 0x41,
     39              0x00, 0xC1, 0x81, 0x40, 0x01, 0xC0, 0x80, 0x41, 0x01, 0xC0, 0x80, 0x41,
     40              0x00, 0xC1, 0x81, 0x40, 0x01, 0xC0, 0x80, 0x41, 0x00, 0xC1, 0x81, 0x40,
     41              0x00, 0xC1, 0x81, 0x40, 0x01, 0xC0, 0x80, 0x41, 0x00, 0xC1, 0x81, 0x40,
     42              0x01, 0xC0, 0x80, 0x41, 0x01, 0xC0, 0x80, 0x41, 0x00, 0xC1, 0x81, 0x40,
     43              0x00, 0xC1, 0x81, 0x40, 0x01, 0xC0, 0x80, 0x41, 0x01, 0xC0, 0x80, 0x41,
     44              0x00, 0xC1, 0x81, 0x40, 0x01, 0xC0, 0x80, 0x41, 0x00, 0xC1, 0x81, 0x40,
     45              0x00, 0xC1, 0x81, 0x40, 0x01, 0xC0, 0x80, 0x41, 0x01, 0xC0, 0x80, 0x41,
     46              0x00, 0xC1, 0x81, 0x40, 0x00, 0xC1, 0x81, 0x40, 0x01, 0xC0, 0x80, 0x41, 
     47              0x00, 0xC1, 0x81, 0x40, 0x01, 0xC0, 0x80, 0x41, 0x01, 0xC0, 0x80, 0x41,
     48              0x00, 0xC1, 0x81, 0x40, 0x00, 0xC1, 0x81, 0x40, 0x01, 0xC0, 0x80, 0x41, 
     49              0x01, 0xC0, 0x80, 0x41, 0x00, 0xC1, 0x81, 0x40, 0x01, 0xC0, 0x80, 0x41,
     50              0x00, 0xC1, 0x81, 0x40, 0x00, 0xC1, 0x81, 0x40, 0x01, 0xC0, 0x80, 0x41,
     51              0x00, 0xC1, 0x81, 0x40, 0x01, 0xC0, 0x80, 0x41, 0x01, 0xC0, 0x80, 0x41, 
     52              0x00, 0xC1, 0x81, 0x40, 0x01, 0xC0, 0x80, 0x41, 0x00, 0xC1, 0x81, 0x40,
     53              0x00, 0xC1, 0x81, 0x40, 0x01, 0xC0, 0x80, 0x41, 0x01, 0xC0, 0x80, 0x41,
     54              0x00, 0xC1, 0x81, 0x40, 0x00, 0xC1, 0x81, 0x40, 0x01, 0xC0, 0x80, 0x41,
     55              0x00, 0xC1, 0x81, 0x40, 0x01, 0xC0, 0x80, 0x41, 0x01, 0xC0, 0x80, 0x41,
     56              0x00, 0xC1, 0x81, 0x40
     57          };
     58          

   \                                 In section .rodata, align 4
     59          static const UCHAR aucCRCLo[] = {
   \                     aucCRCLo:
   \   00000000   0x00 0xC0          DC8 0, 192, 193, 1, 195, 3, 2, 194, 198, 6, 7, 199, 5, 197, 196, 4, 204
   \              0xC1 0x01    
   \              0xC3 0x03    
   \              0x02 0xC2    
   \              0xC6 0x06    
   \              0x07 0xC7    
   \              0x05 0xC5    
   \              0xC4 0x04    
   \              0xCC         
   \   00000011   0x0C 0x0D          DC8 12, 13, 205, 15, 207, 206, 14, 10, 202, 203, 11, 201, 9, 8, 200
   \              0xCD 0x0F    
   \              0xCF 0xCE    
   \              0x0E 0x0A    
   \              0xCA 0xCB    
   \              0x0B 0xC9    
   \              0x09 0x08    
   \              0xC8         
   \   00000020   0xD8 0x18          DC8 216, 24, 25, 217, 27, 219, 218, 26, 30, 222, 223, 31, 221, 29, 28
   \              0x19 0xD9    
   \              0x1B 0xDB    
   \              0xDA 0x1A    
   \              0x1E 0xDE    
   \              0xDF 0x1F    
   \              0xDD 0x1D    
   \              0x1C         
   \   0000002F   0xDC 0x14          DC8 220, 20, 212, 213, 21, 215, 23, 22, 214, 210, 18, 19, 211, 17, 209
   \              0xD4 0xD5    
   \              0x15 0xD7    
   \              0x17 0x16    
   \              0xD6 0xD2    
   \              0x12 0x13    
   \              0xD3 0x11    
   \              0xD1         
   \   0000003E   0xD0 0x10          DC8 208, 16, 240, 48, 49, 241, 51, 243, 242, 50, 54, 246, 247, 55, 245
   \              0xF0 0x30    
   \              0x31 0xF1    
   \              0x33 0xF3    
   \              0xF2 0x32    
   \              0x36 0xF6    
   \              0xF7 0x37    
   \              0xF5         
   \   0000004D   0x35 0x34          DC8 53, 52, 244, 60, 252, 253, 61, 255, 63, 62, 254, 250, 58, 59, 251
   \              0xF4 0x3C    
   \              0xFC 0xFD    
   \              0x3D 0xFF    
   \              0x3F 0x3E    
   \              0xFE 0xFA    
   \              0x3A 0x3B    
   \              0xFB         
   \   0000005C   0x39 0xF9          DC8 57, 249, 248, 56, 40, 232, 233, 41, 235, 43, 42, 234, 238, 46, 47
   \              0xF8 0x38    
   \              0x28 0xE8    
   \              0xE9 0x29    
   \              0xEB 0x2B    
   \              0x2A 0xEA    
   \              0xEE 0x2E    
   \              0x2F         
   \   0000006B   0xEF 0x2D          DC8 239, 45, 237, 236, 44, 228, 36, 37, 229, 39, 231, 230, 38, 34, 226
   \              0xED 0xEC    
   \              0x2C 0xE4    
   \              0x24 0x25    
   \              0xE5 0x27    
   \              0xE7 0xE6    
   \              0x26 0x22    
   \              0xE2         
   \   0000007A   0xE3 0x23          DC8 227, 35, 225, 33, 32, 224, 160, 96, 97, 161, 99, 163, 162, 98, 102
   \              0xE1 0x21    
   \              0x20 0xE0    
   \              0xA0 0x60    
   \              0x61 0xA1    
   \              0x63 0xA3    
   \              0xA2 0x62    
   \              0x66         
   \   00000089   0xA6 0xA7          DC8 166, 167, 103, 165, 101, 100, 164, 108, 172, 173, 109, 175, 111
   \              0x67 0xA5    
   \              0x65 0x64    
   \              0xA4 0x6C    
   \              0xAC 0xAD    
   \              0x6D 0xAF    
   \              0x6F         
   \   00000096   0x6E 0xAE          DC8 110, 174, 170, 106, 107, 171, 105, 169, 168, 104, 120, 184, 185
   \              0xAA 0x6A    
   \              0x6B 0xAB    
   \              0x69 0xA9    
   \              0xA8 0x68    
   \              0x78 0xB8    
   \              0xB9         
   \   000000A3   0x79 0xBB          DC8 121, 187, 123, 122, 186, 190, 126, 127, 191, 125, 189, 188, 124
   \              0x7B 0x7A    
   \              0xBA 0xBE    
   \              0x7E 0x7F    
   \              0xBF 0x7D    
   \              0xBD 0xBC    
   \              0x7C         
   \   000000B0   0xB4 0x74          DC8 180, 116, 117, 181, 119, 183, 182, 118, 114, 178, 179, 115, 177
   \              0x75 0xB5    
   \              0x77 0xB7    
   \              0xB6 0x76    
   \              0x72 0xB2    
   \              0xB3 0x73    
   \              0xB1         
   \   000000BD   0x71 0x70          DC8 113, 112, 176, 80, 144, 145, 81, 147, 83, 82, 146, 150, 86, 87, 151
   \              0xB0 0x50    
   \              0x90 0x91    
   \              0x51 0x93    
   \              0x53 0x52    
   \              0x92 0x96    
   \              0x56 0x57    
   \              0x97         
   \   000000CC   0x55 0x95          DC8 85, 149, 148, 84, 156, 92, 93, 157, 95, 159, 158, 94, 90, 154, 155
   \              0x94 0x54    
   \              0x9C 0x5C    
   \              0x5D 0x9D    
   \              0x5F 0x9F    
   \              0x9E 0x5E    
   \              0x5A 0x9A    
   \              0x9B         
   \   000000DB   0x5B 0x99          DC8 91, 153, 89, 88, 152, 136, 72, 73, 137, 75, 139, 138, 74, 78, 142
   \              0x59 0x58    
   \              0x98 0x88    
   \              0x48 0x49    
   \              0x89 0x4B    
   \              0x8B 0x8A    
   \              0x4A 0x4E    
   \              0x8E         
   \   000000EA   0x8F 0x4F          DC8 143, 79, 141, 77, 76, 140, 68, 132, 133, 69, 135, 71, 70, 134, 130
   \              0x8D 0x4D    
   \              0x4C 0x8C    
   \              0x44 0x84    
   \              0x85 0x45    
   \              0x87 0x47    
   \              0x46 0x86    
   \              0x82         
   \   000000F9   0x42 0x43          DC8 66, 67, 131, 65, 129, 128, 64
   \              0x83 0x41    
   \              0x81 0x80    
   \              0x40         
     60              0x00, 0xC0, 0xC1, 0x01, 0xC3, 0x03, 0x02, 0xC2, 0xC6, 0x06, 0x07, 0xC7,
     61              0x05, 0xC5, 0xC4, 0x04, 0xCC, 0x0C, 0x0D, 0xCD, 0x0F, 0xCF, 0xCE, 0x0E,
     62              0x0A, 0xCA, 0xCB, 0x0B, 0xC9, 0x09, 0x08, 0xC8, 0xD8, 0x18, 0x19, 0xD9,
     63              0x1B, 0xDB, 0xDA, 0x1A, 0x1E, 0xDE, 0xDF, 0x1F, 0xDD, 0x1D, 0x1C, 0xDC,
     64              0x14, 0xD4, 0xD5, 0x15, 0xD7, 0x17, 0x16, 0xD6, 0xD2, 0x12, 0x13, 0xD3,
     65              0x11, 0xD1, 0xD0, 0x10, 0xF0, 0x30, 0x31, 0xF1, 0x33, 0xF3, 0xF2, 0x32,
     66              0x36, 0xF6, 0xF7, 0x37, 0xF5, 0x35, 0x34, 0xF4, 0x3C, 0xFC, 0xFD, 0x3D,
     67              0xFF, 0x3F, 0x3E, 0xFE, 0xFA, 0x3A, 0x3B, 0xFB, 0x39, 0xF9, 0xF8, 0x38, 
     68              0x28, 0xE8, 0xE9, 0x29, 0xEB, 0x2B, 0x2A, 0xEA, 0xEE, 0x2E, 0x2F, 0xEF,
     69              0x2D, 0xED, 0xEC, 0x2C, 0xE4, 0x24, 0x25, 0xE5, 0x27, 0xE7, 0xE6, 0x26,
     70              0x22, 0xE2, 0xE3, 0x23, 0xE1, 0x21, 0x20, 0xE0, 0xA0, 0x60, 0x61, 0xA1,
     71              0x63, 0xA3, 0xA2, 0x62, 0x66, 0xA6, 0xA7, 0x67, 0xA5, 0x65, 0x64, 0xA4,
     72              0x6C, 0xAC, 0xAD, 0x6D, 0xAF, 0x6F, 0x6E, 0xAE, 0xAA, 0x6A, 0x6B, 0xAB, 
     73              0x69, 0xA9, 0xA8, 0x68, 0x78, 0xB8, 0xB9, 0x79, 0xBB, 0x7B, 0x7A, 0xBA,
     74              0xBE, 0x7E, 0x7F, 0xBF, 0x7D, 0xBD, 0xBC, 0x7C, 0xB4, 0x74, 0x75, 0xB5,
     75              0x77, 0xB7, 0xB6, 0x76, 0x72, 0xB2, 0xB3, 0x73, 0xB1, 0x71, 0x70, 0xB0,
     76              0x50, 0x90, 0x91, 0x51, 0x93, 0x53, 0x52, 0x92, 0x96, 0x56, 0x57, 0x97,
     77              0x55, 0x95, 0x94, 0x54, 0x9C, 0x5C, 0x5D, 0x9D, 0x5F, 0x9F, 0x9E, 0x5E,
     78              0x5A, 0x9A, 0x9B, 0x5B, 0x99, 0x59, 0x58, 0x98, 0x88, 0x48, 0x49, 0x89,
     79              0x4B, 0x8B, 0x8A, 0x4A, 0x4E, 0x8E, 0x8F, 0x4F, 0x8D, 0x4D, 0x4C, 0x8C,
     80              0x44, 0x84, 0x85, 0x45, 0x87, 0x47, 0x46, 0x86, 0x82, 0x42, 0x43, 0x83,
     81              0x41, 0x81, 0x80, 0x40
     82          };
     83          

   \                                 In section .text, align 4, keep-with-next
     84          USHORT
     85          usMBCRC16( UCHAR * pucFrame, USHORT usLen )
     86          {
   \                     usMBCRC16:
   \   00000000   0xB410             PUSH     {R4}
     87              UCHAR           ucCRCHi = 0xFF;
   \   00000002   0x22FF             MOVS     R2,#+255
     88              UCHAR           ucCRCLo = 0xFF;
   \   00000004   0x23FF             MOVS     R3,#+255
   \   00000006   0xE008             B.N      ??usMBCRC16_0
     89              int             iIndex;
     90          
     91              while( usLen-- )
     92              {
     93                  iIndex = ucCRCLo ^ *( pucFrame++ );
   \                     ??usMBCRC16_1:
   \   00000008   0xB2DB             UXTB     R3,R3            ;; ZeroExt  R3,R3,#+24,#+24
   \   0000000A   0x7804             LDRB     R4,[R0, #+0]
   \   0000000C   0x405C             EORS     R4,R4,R3
   \   0000000E   0x1C40             ADDS     R0,R0,#+1
     94                  ucCRCLo = ( UCHAR )( ucCRCHi ^ aucCRCHi[iIndex] );
   \   00000010   0x4B08             LDR.N    R3,??usMBCRC16_2
   \   00000012   0x5CE3             LDRB     R3,[R4, R3]
   \   00000014   0x4053             EORS     R3,R3,R2
     95                  ucCRCHi = aucCRCLo[iIndex];
   \   00000016   0x4A08             LDR.N    R2,??usMBCRC16_2+0x4
   \   00000018   0x5CA2             LDRB     R2,[R4, R2]
     96              }
   \                     ??usMBCRC16_0:
   \   0000001A   0x000C             MOVS     R4,R1
   \   0000001C   0x1E61             SUBS     R1,R4,#+1
   \   0000001E   0xB2A4             UXTH     R4,R4            ;; ZeroExt  R4,R4,#+16,#+16
   \   00000020   0x2C00             CMP      R4,#+0
   \   00000022   0xD1F1             BNE.N    ??usMBCRC16_1
     97              return ( USHORT )( ucCRCHi << 8 | ucCRCLo );
   \   00000024   0xB2D2             UXTB     R2,R2            ;; ZeroExt  R2,R2,#+24,#+24
   \   00000026   0xB2DB             UXTB     R3,R3            ;; ZeroExt  R3,R3,#+24,#+24
   \   00000028   0xEA53 0x2002      ORRS     R0,R3,R2, LSL #+8
   \   0000002C   0xB280             UXTH     R0,R0            ;; ZeroExt  R0,R0,#+16,#+16
   \   0000002E   0xBC10             POP      {R4}
   \   00000030   0x4770             BX       LR               ;; return
   \   00000032   0xBF00             Nop      
   \                     ??usMBCRC16_2:
   \   00000034   0x........         DC32     aucCRCHi
   \   00000038   0x........         DC32     aucCRCLo
     98          }

   Maximum stack usage in bytes:

   .cstack Function
   ------- --------
        4  usMBCRC16


   Section sizes:

   Bytes  Function/Label
   -----  --------------
     256  aucCRCHi
     256  aucCRCLo
      60  usMBCRC16

 
 512 bytes in section .rodata
  60 bytes in section .text
 
  60 bytes of CODE  memory
 512 bytes of CONST memory

Errors: none
Warnings: none
